{
  "qa_list": [
    {
      "Question N1?": "Yes"
    },
    {
      "Question N2?": "No"
    },
    {
      "Question N3?": "No"
    },
    {
      "Question N4?": "Yes"
    },
    {
      "Question N5?": "Yes"
    },
    {
      "Question N6?": "No"
    },
    {
      "Question N7?": "No"
    },
    {
      "Question N8?": "No"
    },
    {
      "Question N9?": "No"
    },
    {
      "Question N10?": "Yes"
    },
    {
      "Question N11?": "No"
    },
    {
      "Question N12?": "No"
    },
    {
      "Question N12?": "Yes"
    },
    {
      "Question N14?": "Yes"
    },
    {
      "Question N15?": "No"
    },
    {
      "Question N16?": "No"
    },
    {
      "Question N17?": "No"
    },
    {
      "Question N18?": "No"
    },
    {
      "Question N19?": "No"
    },
    {
      "Question N20?": "No"
    }
  ],
  "final_guess": "42"
}