{
  "qa_list": [
    {
      "Question N1?": ""
    }
  ],
  "final_guess": ""
}